C:/Users/TerenceLeung/Documents/STM32_Prototyping/MOTOR_UART_6/MOTOR_CTL_F401_UART6/MCSDK_v5.4.8-Full/MotorControl/MCSDK/MCLib/Any/Src/hall_speed_pos_fdbk.c:86:13:HALL_Init	12	static
C:/Users/TerenceLeung/Documents/STM32_Prototyping/MOTOR_UART_6/MOTOR_CTL_F401_UART6/MCSDK_v5.4.8-Full/MotorControl/MCSDK/MCLib/Any/Src/hall_speed_pos_fdbk.c:182:13:HALL_Clear	8	static
C:/Users/TerenceLeung/Documents/STM32_Prototyping/MOTOR_UART_6/MOTOR_CTL_F401_UART6/MCSDK_v5.4.8-Full/MotorControl/MCSDK/MCLib/Any/Src/hall_speed_pos_fdbk.c:238:16:HALL_CalcElAngle	0	static
C:/Users/TerenceLeung/Documents/STM32_Prototyping/MOTOR_UART_6/MOTOR_CTL_F401_UART6/MCSDK_v5.4.8-Full/MotorControl/MCSDK/MCLib/Any/Src/hall_speed_pos_fdbk.c:276:13:HALL_CalcAvrgMecSpeedUnit	16	static
C:/Users/TerenceLeung/Documents/STM32_Prototyping/MOTOR_UART_6/MOTOR_CTL_F401_UART6/MCSDK_v5.4.8-Full/MotorControl/MCSDK/MCLib/Any/Src/hall_speed_pos_fdbk.c:356:15:HALL_TIMx_CC_IRQHandler	16	static
C:/Users/TerenceLeung/Documents/STM32_Prototyping/MOTOR_UART_6/MOTOR_CTL_F401_UART6/MCSDK_v5.4.8-Full/MotorControl/MCSDK/MCLib/Any/Src/hall_speed_pos_fdbk.c:648:15:HALL_TIMx_UP_IRQHandler	8	static
C:/Users/TerenceLeung/Documents/STM32_Prototyping/MOTOR_UART_6/MOTOR_CTL_F401_UART6/MCSDK_v5.4.8-Full/MotorControl/MCSDK/MCLib/Any/Src/hall_speed_pos_fdbk.c:757:13:HALL_SetMecAngle	0	static
