C:/Users/TerenceLeung/Documents/STM32_Prototyping/MOTOR_UART_6/MOTOR_CTL_F401_UART6/MCSDK_v5.4.8-Full/MotorControl/MCSDK/MCLib/Any/Src/ramp_ext_mngr.c:44:6:REMNG_Init	0	static
C:/Users/TerenceLeung/Documents/STM32_Prototyping/MOTOR_UART_6/MOTOR_CTL_F401_UART6/MCSDK_v5.4.8-Full/MotorControl/MCSDK/MCLib/Any/Src/ramp_ext_mngr.c:72:16:REMNG_Calc	4	static
C:/Users/TerenceLeung/Documents/STM32_Prototyping/MOTOR_UART_6/MOTOR_CTL_F401_UART6/MCSDK_v5.4.8-Full/MotorControl/MCSDK/MCLib/Any/Src/ramp_ext_mngr.c:199:16:REMNG_GetValue	0	static
C:/Users/TerenceLeung/Documents/STM32_Prototyping/MOTOR_UART_6/MOTOR_CTL_F401_UART6/MCSDK_v5.4.8-Full/MotorControl/MCSDK/MCLib/Any/Src/ramp_ext_mngr.c:218:13:REMNG_RampCompleted	0	static
C:/Users/TerenceLeung/Documents/STM32_Prototyping/MOTOR_UART_6/MOTOR_CTL_F401_UART6/MCSDK_v5.4.8-Full/MotorControl/MCSDK/MCLib/Any/Src/ramp_ext_mngr.c:233:13:REMNG_StopRamp	0	static
C:/Users/TerenceLeung/Documents/STM32_Prototyping/MOTOR_UART_6/MOTOR_CTL_F401_UART6/MCSDK_v5.4.8-Full/MotorControl/MCSDK/MCLib/Any/Src/ramp_ext_mngr.c:246:17:getScalingFactor	0	static
C:/Users/TerenceLeung/Documents/STM32_Prototyping/MOTOR_UART_6/MOTOR_CTL_F401_UART6/MCSDK_v5.4.8-Full/MotorControl/MCSDK/MCLib/Any/Src/ramp_ext_mngr.c:120:13:REMNG_ExecRamp	32	static
