../ESCOOTER/ESCOOTER_DRIVING.c:20:6:ESCOOTER_saveStatus	0	static
../ESCOOTER/ESCOOTER_DRIVING.c:25:24:ESCOOTER_getStatus	0	static
../ESCOOTER/ESCOOTER_DRIVING.c:30:6:ESCOOTER_Set_Limit	0	static
../ESCOOTER/ESCOOTER_DRIVING.c:35:6:ESCOOTER_Set_PhysicalParam	0	static
../ESCOOTER/ESCOOTER_DRIVING.c:40:6:Speed_Cruise_Control	0	static
../ESCOOTER/ESCOOTER_DRIVING.c:45:6:ESCOOTER_Driving_Start	8	static
../ESCOOTER/ESCOOTER_DRIVING.c:54:6:ESCOOTER_Driving_Stop	0	static
../ESCOOTER/ESCOOTER_DRIVING.c:62:6:ESCOOTER_DrivingTaskControl	8	static
