../POWER_CONTROL/POWER_CONTROL_LL.c:97:13:SYSTEM_INDICATOR_ON	0	static
../POWER_CONTROL/POWER_CONTROL_LL.c:110:13:SYSTEM_INDICATOR_OFF	0	static
../POWER_CONTROL/POWER_CONTROL_LL.c:141:13:SYSTEM_START_RETRANSMISSION_TIMER	4	static
../POWER_CONTROL/POWER_CONTROL_LL.c:174:13:SYSTEM_STOP_RETRANSMISSION_TIMER	0	static
../POWER_CONTROL/POWER_CONTROL_LL.c:83:13:SYSTEM_POWER_ON	0	static
../POWER_CONTROL/POWER_CONTROL_LL.c:74:13:SYSTEM_BOOT	0	static
../POWER_CONTROL/POWER_CONTROL_LL.c:65:13:SYSTEM_POWER_OFF	8	static
../POWER_CONTROL/POWER_CONTROL_LL.c:50:6:POWER_CONTROL_Init	8	static
../POWER_CONTROL/POWER_CONTROL_LL.c:58:6:POWER_CONTROL_START_MONITORING	40	static
../POWER_CONTROL/POWER_CONTROL_LL.c:183:6:TIM3_IRQHandler	8	static
