C:/Users/TerenceLeung/Documents/STM32_Prototyping/MOTOR_UART_6/MOTOR_CTL_F401_UART6/Src/main.c:473:13:MX_GPIO_Init	48	static
C:/Users/TerenceLeung/Documents/STM32_Prototyping/MOTOR_UART_6/MOTOR_CTL_F401_UART6/Src/main.c:519:13:startMediumFrequencyTask	8	static
C:/Users/TerenceLeung/Documents/STM32_Prototyping/MOTOR_UART_6/MOTOR_CTL_F401_UART6/Src/main.c:120:6:SystemClock_Config	88	static,ignoring_inline_asm
C:/Users/TerenceLeung/Documents/STM32_Prototyping/MOTOR_UART_6/MOTOR_CTL_F401_UART6/Src/main.c:84:5:main	104	static,ignoring_inline_asm
C:/Users/TerenceLeung/Documents/STM32_Prototyping/MOTOR_UART_6/MOTOR_CTL_F401_UART6/Src/main.c:538:6:HAL_TIM_PeriodElapsedCallback	0	static
C:/Users/TerenceLeung/Documents/STM32_Prototyping/MOTOR_UART_6/MOTOR_CTL_F401_UART6/Src/main.c:553:6:Peripheral_DeInit	8	static,ignoring_inline_asm
C:/Users/TerenceLeung/Documents/STM32_Prototyping/MOTOR_UART_6/MOTOR_CTL_F401_UART6/Src/main.c:570:6:Power_CTL	8	static,ignoring_inline_asm
C:/Users/TerenceLeung/Documents/STM32_Prototyping/MOTOR_UART_6/MOTOR_CTL_F401_UART6/Src/main.c:582:6:suspend_SystemTask	8	static
C:/Users/TerenceLeung/Documents/STM32_Prototyping/MOTOR_UART_6/MOTOR_CTL_F401_UART6/Src/main.c:591:6:Error_Handler	0	static,ignoring_inline_asm
