C:/Users/TerenceLeung/Documents/STM32_Prototyping/MOTOR_UART_6/MOTOR_CTL_F401_UART6/Src/main.c:432:13:MX_GPIO_Init	48	static
C:/Users/TerenceLeung/Documents/STM32_Prototyping/MOTOR_UART_6/MOTOR_CTL_F401_UART6/Src/main.c:478:13:startMediumFrequencyTask	8	static
C:/Users/TerenceLeung/Documents/STM32_Prototyping/MOTOR_UART_6/MOTOR_CTL_F401_UART6/Src/main.c:79:6:SystemClock_Config	88	static,ignoring_inline_asm
C:/Users/TerenceLeung/Documents/STM32_Prototyping/MOTOR_UART_6/MOTOR_CTL_F401_UART6/Src/main.c:48:5:main	104	static,ignoring_inline_asm
C:/Users/TerenceLeung/Documents/STM32_Prototyping/MOTOR_UART_6/MOTOR_CTL_F401_UART6/Src/main.c:497:6:HAL_TIM_PeriodElapsedCallback	0	static
C:/Users/TerenceLeung/Documents/STM32_Prototyping/MOTOR_UART_6/MOTOR_CTL_F401_UART6/Src/main.c:512:6:Peripheral_DeInit	8	static,ignoring_inline_asm
C:/Users/TerenceLeung/Documents/STM32_Prototyping/MOTOR_UART_6/MOTOR_CTL_F401_UART6/Src/main.c:529:6:Power_CTL	8	static,ignoring_inline_asm
C:/Users/TerenceLeung/Documents/STM32_Prototyping/MOTOR_UART_6/MOTOR_CTL_F401_UART6/Src/main.c:545:6:Error_Handler	0	static,ignoring_inline_asm
