C:/Users/TerenceLeung/Documents/STM32_Prototyping/MOTOR_UART_6/MOTOR_CTL_F401_UART6/Src/mc_math.c:115:20:MCM_Clarke	16	static
C:/Users/TerenceLeung/Documents/STM32_Prototyping/MOTOR_UART_6/MOTOR_CTL_F401_UART6/Src/mc_math.c:338:24:MCM_Trig_Functions	8	static
C:/Users/TerenceLeung/Documents/STM32_Prototyping/MOTOR_UART_6/MOTOR_CTL_F401_UART6/Src/mc_math.c:184:13:MCM_Park	32	static
C:/Users/TerenceLeung/Documents/STM32_Prototyping/MOTOR_UART_6/MOTOR_CTL_F401_UART6/Src/mc_math.c:288:20:MCM_Rev_Park	32	static
C:/Users/TerenceLeung/Documents/STM32_Prototyping/MOTOR_UART_6/MOTOR_CTL_F401_UART6/Src/mc_math.c:391:16:MCM_Sqrt	0	static
C:/Users/TerenceLeung/Documents/STM32_Prototyping/MOTOR_UART_6/MOTOR_CTL_F401_UART6/Src/mc_math.c:440:16:MCM_PhaseComputation	0	static
C:/Users/TerenceLeung/Documents/STM32_Prototyping/MOTOR_UART_6/MOTOR_CTL_F401_UART6/Src/mc_math.c:619:17:MCM_floatToIntBit	8	static
